Could not load the configuration file: rabbitmq-worker.conf - Queue Name is empty or missing
