Could not load the configuration file: no_config_file - Error encountered reading file no_config_file
